Reading EXIDX entries: 397 available
Warning: whilst reading EXIDX: ExtabEntryExtract: bytecode can't be represented
Warning: whilst reading EXIDX: ExtabEntryDecode: failed with error code: -10
Warning: whilst reading EXIDX: ExtabEntryDecode: failed with error code: -10
Warning: whilst reading EXIDX: ExtabEntryDecode: failed with error code: -10
Warning: whilst reading EXIDX: ExtabEntryDecode: failed with error code: -10
Warning: whilst reading EXIDX: ExtabEntryDecode: failed with error code: -10
Warning: whilst reading EXIDX: ExtabEntryExtract: bytecode can't be represented
Warning: whilst reading EXIDX: ExtabEntryDecode: failed with error code: -10
Warning: whilst reading EXIDX: ExtabEntryDecode: failed with error code: -10
Warning: whilst reading EXIDX: ExtabEntryExtract: bytecode can't be represented
Warning: whilst reading EXIDX: ExtabEntryDecode: failed with error code: -10
Warning: whilst reading EXIDX: ExtabEntryDecode: failed with error code: -10
Warning: whilst reading EXIDX: ExtabEntryDecode: failed with error code: -10
Warning: whilst reading EXIDX: ExtabEntryExtract: bytecode can't be represented
Warning: whilst reading EXIDX: ExtabEntryExtract: bytecode can't be represented
Warning: whilst reading EXIDX: ExtabEntryDecode: failed with error code: -10
Warning: whilst reading EXIDX: ExtabEntryDecode: failed with error code: -10
Warning: whilst reading EXIDX: ExtabEntryExtract: bytecode can't be represented
Warning: whilst reading EXIDX: ExtabEntryDecode: failed with error code: -10
Warning: whilst reading EXIDX: ExtabEntryDecode: failed with error code: -10
Warning: whilst reading EXIDX: ExtabEntryDecode: failed with error code: -10
Warning: whilst reading EXIDX: ExtabEntryDecode: failed with error code: -10
Warning: whilst reading EXIDX: ExtabEntryExtract: bytecode can't be represented
Warning: whilst reading EXIDX: ExtabEntryDecode: failed with error code: -10
Warning: whilst reading EXIDX: ExtabEntryDecode: failed with error code: -10
Warning: whilst reading EXIDX: ExtabEntryDecode: failed with error code: -10
Warning: whilst reading EXIDX: ExtabEntryDecode: failed with error code: -10
Warning: whilst reading EXIDX: ExtabEntryExtract: bytecode can't be represented
Warning: whilst reading EXIDX: ExtabEntryDecode: failed with error code: -10
Warning: whilst reading EXIDX: ExtabEntryDecode: failed with error code: -10
Warning: whilst reading EXIDX: ExtabEntryExtract: bytecode can't be represented
Warning: whilst reading EXIDX: ExtabEntryDecode: failed with error code: -10
Warning: whilst reading EXIDX: ExtabEntryDecode: failed with error code: -10
Warning: whilst reading EXIDX: ExtabEntryDecode: failed with error code: -10
Warning: whilst reading EXIDX: ExtabEntryExtract: bytecode can't be represented
Warning: whilst reading EXIDX: ExtabEntryExtract: bytecode can't be represented
Warning: whilst reading EXIDX: ExtabEntryExtract: bytecode can't be represented
Warning: whilst reading EXIDX: ExtabEntryExtract: bytecode can't be represented
Warning: whilst reading EXIDX: ExtabEntryExtract: bytecode can't be represented
Warning: whilst reading EXIDX: ExtabEntryExtract: bytecode can't be represented
Warning: whilst reading EXIDX: ExtabEntryExtract: bytecode can't be represented
Warning: whilst reading EXIDX: ExtabEntryExtract: bytecode can't be represented
Warning: whilst reading EXIDX: ExtabEntryExtract: bytecode can't be represented
Warning: whilst reading EXIDX: ExtabEntryExtract: bytecode can't be represented
Warning: whilst reading EXIDX: ExtabEntryDecode: failed with error code: -10
Warning: whilst reading EXIDX: ExtabEntryDecode: failed with error code: -10
Warning: whilst reading EXIDX: ExtabEntryDecode: failed with error code: -10
Warning: whilst reading EXIDX: ExtabEntryDecode: failed with error code: -10
Warning: whilst reading EXIDX: ExtabEntryDecode: failed with error code: -10
Warning: whilst reading EXIDX: ExtabEntryDecode: failed with error code: -10
Warning: whilst reading EXIDX: ExtabEntryExtract: bytecode can't be represented
Warning: whilst reading EXIDX: ExtabEntryDecode: failed with error code: -10
Warning: whilst reading EXIDX: ExtabEntryExtract: bytecode can't be represented
Warning: whilst reading EXIDX: ExtabEntryExtract: bytecode can't be represented
Warning: whilst reading EXIDX: ExtabEntryDecode: failed with error code: -10
Warning: whilst reading EXIDX: ExtabEntryDecode: failed with error code: -10
Warning: whilst reading EXIDX: ExtabEntryExtract: bytecode can't be represented
Warning: whilst reading EXIDX: ExtabEntryDecode: failed with error code: -10
Warning: whilst reading EXIDX: ExtabEntryDecode: failed with error code: -10
Warning: whilst reading EXIDX: ExtabEntryExtract: bytecode can't be represented
Warning: whilst reading EXIDX: ExtabEntryDecode: failed with error code: -10
Warning: whilst reading EXIDX: ExtabEntryDecode: failed with error code: -10
Warning: whilst reading EXIDX: ExtabEntryDecode: failed with error code: -10
Warning: whilst reading EXIDX: ExtabEntryDecode: failed with error code: -10
Warning: whilst reading EXIDX: ExtabEntryDecode: failed with error code: -10
Warning: whilst reading EXIDX: ExtabEntryExtract: bytecode can't be represented
Warning: whilst reading EXIDX: ExtabEntryDecode: failed with error code: -10
Warning: whilst reading EXIDX: ExtabEntryDecode: failed with error code: -10
Warning: whilst reading EXIDX: ExtabEntryDecode: failed with error code: -10
Warning: whilst reading EXIDX: ExtabEntryExtract: bytecode can't be represented
Warning: whilst reading EXIDX: ExtabEntryDecode: failed with error code: -10
Warning: whilst reading EXIDX: ExtabEntryDecode: failed with error code: -10
Warning: whilst reading EXIDX: ExtabEntryDecode: failed with error code: -10
Warning: whilst reading EXIDX: ExtabEntryExtract: bytecode can't be represented
Warning: whilst reading EXIDX: ExtabEntryExtract: bytecode can't be represented
Warning: whilst reading EXIDX: ExtabEntryDecode: failed with error code: -10
Warning: whilst reading EXIDX: ExtabEntryDecode: failed with error code: -10
Warning: whilst reading EXIDX: ExtabEntryDecode: failed with error code: -10
Warning: whilst reading EXIDX: ExtabEntryExtract: bytecode can't be represented
Warning: whilst reading EXIDX: ExtabEntryDecode: failed with error code: -10
Warning: whilst reading EXIDX: ExtabEntryDecode: failed with error code: -10
Warning: whilst reading EXIDX: ExtabEntryDecode: failed with error code: -10
Warning: whilst reading EXIDX: ExtabEntryDecode: failed with error code: -10
Warning: whilst reading EXIDX: ExtabEntryDecode: failed with error code: -10
Warning: whilst reading EXIDX: ExtabEntryDecode: failed with error code: -10
Warning: whilst reading EXIDX: ExtabEntryDecode: failed with error code: -10
Warning: whilst reading EXIDX: ExtabEntryDecode: failed with error code: -10
Warning: whilst reading EXIDX: ExtabEntryDecode: failed with error code: -10
Warning: whilst reading EXIDX: ExtabEntryDecode: failed with error code: -10
Warning: whilst reading EXIDX: ExtabEntryDecode: failed with error code: -10
Warning: whilst reading EXIDX: ExtabEntryDecode: failed with error code: -10
Warning: whilst reading EXIDX: ExtabEntryDecode: failed with error code: -10
Warning: whilst reading EXIDX: ExtabEntryDecode: failed with error code: -10
Warning: whilst reading EXIDX: ExtabEntryDecode: failed with error code: -10
Warning: whilst reading EXIDX: ExtabEntryDecode: failed with error code: -10
Warning: whilst reading EXIDX: ExtabEntryDecode: failed with error code: -10
Warning: whilst reading EXIDX: ExtabEntryExtract: bytecode can't be represented
Warning: whilst reading EXIDX: ExtabEntryDecode: failed with error code: -10
Warning: whilst reading EXIDX: ExtabEntryDecode: failed with error code: -10
Warning: whilst reading EXIDX: ExtabEntryDecode: failed with error code: -10
Warning: whilst reading EXIDX: ExtabEntryDecode: failed with error code: -10
Warning: whilst reading EXIDX: ExtabEntryDecode: failed with error code: -10
Warning: whilst reading EXIDX: ExtabEntryDecode: failed with error code: -10
Warning: whilst reading EXIDX: ExtabEntryDecode: failed with error code: -10
Warning: whilst reading EXIDX: ExtabEntryExtract: bytecode can't be represented
Warning: whilst reading EXIDX: ExtabEntryDecode: failed with error code: -10
Warning: whilst reading EXIDX: ExtabEntryDecode: failed with error code: -10
Warning: whilst reading EXIDX: ExtabEntryDecode: failed with error code: -10
Warning: whilst reading EXIDX: ExtabEntryDecode: failed with error code: -10
Warning: whilst reading EXIDX: ExtabEntryDecode: failed with error code: -10
Warning: whilst reading EXIDX: ExtabEntryDecode: failed with error code: -10
Warning: whilst reading EXIDX: ExtabEntryDecode: failed with error code: -10
Warning: whilst reading EXIDX: ExtabEntryDecode: failed with error code: -10
Warning: whilst reading EXIDX: ExtabEntryExtract: bytecode can't be represented
Warning: whilst reading EXIDX: ExtabEntryExtract: bytecode can't be represented
Warning: whilst reading EXIDX: ExtabEntryDecode: failed with error code: -10
Warning: whilst reading EXIDX: ExtabEntryDecode: failed with error code: -10
Warning: whilst reading EXIDX: ExtabEntryExtract: bytecode can't be represented
Warning: whilst reading EXIDX: ExtabEntryExtract: bytecode can't be represented
Warning: whilst reading EXIDX: ExtabEntryDecode: failed with error code: -10
Warning: whilst reading EXIDX: ExtabEntryExtract: bytecode can't be represented
Warning: whilst reading EXIDX: ExtabEntryDecode: failed with error code: -10
Warning: whilst reading EXIDX: ExtabEntryDecode: failed with error code: -10
Warning: whilst reading EXIDX: ExtabEntryDecode: failed with error code: -10
Warning: whilst reading EXIDX: ExtabEntryExtract: bytecode can't be represented
Warning: whilst reading EXIDX: ExtabEntryDecode: failed with error code: -10
Warning: whilst reading EXIDX: ExtabEntryDecode: failed with error code: -10
Warning: whilst reading EXIDX: ExtabEntryExtract: bytecode can't be represented
Warning: whilst reading EXIDX: ExtabEntryDecode: failed with error code: -10
Warning: whilst reading EXIDX: ExtabEntryExtract: bytecode can't be represented
Warning: whilst reading EXIDX: ExtabEntryExtract: bytecode can't be represented
Warning: whilst reading EXIDX: ExtabEntryExtract: bytecode can't be represented
Warning: whilst reading EXIDX: ExtabEntryExtract: bytecode can't be represented
Warning: whilst reading EXIDX: ExtabEntryDecode: failed with error code: -10
Warning: whilst reading EXIDX: ExtabEntryDecode: failed with error code: -10
Warning: whilst reading EXIDX: ExtabEntryDecode: failed with error code: -10
Warning: whilst reading EXIDX: ExtabEntryExtract: bytecode can't be represented
Warning: whilst reading EXIDX: ExtabEntryExtract: bytecode can't be represented
Warning: whilst reading EXIDX: ExtabEntryDecode: failed with error code: -10
Warning: whilst reading EXIDX: ExtabEntryExtract: bytecode can't be represented
Warning: whilst reading EXIDX: ExtabEntryDecode: failed with error code: -10
Warning: whilst reading EXIDX: ExtabEntryDecode: failed with error code: -10
Warning: whilst reading EXIDX: ExtabEntryDecode: failed with error code: -10
Warning: whilst reading EXIDX: ExtabEntryDecode: failed with error code: -10
Warning: whilst reading EXIDX: ExtabEntryDecode: failed with error code: -10
Warning: whilst reading EXIDX: ExtabEntryDecode: failed with error code: -10
Warning: whilst reading EXIDX: ExtabEntryDecode: failed with error code: -10
Warning: whilst reading EXIDX: ExtabEntryExtract: bytecode can't be represented
Warning: whilst reading EXIDX: ExtabEntryExtract: bytecode can't be represented
Warning: whilst reading EXIDX: ExtabEntryExtract: bytecode can't be represented
Warning: whilst reading EXIDX: ExtabEntryDecode: failed with error code: -10
Warning: whilst reading EXIDX: ExtabEntryExtract: bytecode can't be represented
Warning: whilst reading EXIDX: ExtabEntryDecode: failed with error code: -10
Warning: whilst reading EXIDX: ExtabEntryDecode: failed with error code: -10
Warning: whilst reading EXIDX: ExtabEntryDecode: failed with error code: -10
Warning: whilst reading EXIDX: ExtabEntryDecode: failed with error code: -10
Warning: whilst reading EXIDX: ExtabEntryDecode: failed with error code: -10
Warning: whilst reading EXIDX: ExtabEntryExtract: bytecode can't be represented
Warning: whilst reading EXIDX: ExtabEntryDecode: failed with error code: -10
Warning: whilst reading EXIDX: ExtabEntryExtract: bytecode can't be represented
Warning: whilst reading EXIDX: ExtabEntryExtract: bytecode can't be represented
Warning: whilst reading EXIDX: ExtabEntryDecode: failed with error code: -10
Warning: whilst reading EXIDX: ExtabEntryExtract: bytecode can't be represented
Warning: whilst reading EXIDX: ExtabEntryExtract: bytecode can't be represented
Warning: whilst reading EXIDX: ExtabEntryExtract: bytecode can't be represented
Warning: whilst reading EXIDX: ExtabEntryExtract: bytecode can't be represented
Warning: whilst reading EXIDX: ExtabEntryDecode: failed with error code: -10
Warning: whilst reading EXIDX: ExtabEntryDecode: failed with error code: -10
Warning: whilst reading EXIDX: ExtabEntryExtract: bytecode can't be represented
Warning: whilst reading EXIDX: ExtabEntryExtract: bytecode can't be represented
Warning: whilst reading EXIDX: ExtabEntryDecode: failed with error code: -10
Warning: whilst reading EXIDX: ExtabEntryDecode: failed with error code: -10
Warning: whilst reading EXIDX: ExtabEntryDecode: failed with error code: -10
Warning: whilst reading EXIDX: ExtabEntryExtract: bytecode can't be represented
Warning: whilst reading EXIDX: ExtabEntryExtract: bytecode can't be represented
Warning: whilst reading EXIDX: ExtabEntryExtract: bytecode can't be represented
Warning: whilst reading EXIDX: ExtabEntryExtract: bytecode can't be represented
Warning: whilst reading EXIDX: ExtabEntryDecode: failed with error code: -10
Warning: whilst reading EXIDX: ExtabEntryExtract: bytecode can't be represented
Warning: whilst reading EXIDX: ExtabEntryExtract: bytecode can't be represented
Warning: whilst reading EXIDX: ExtabEntryDecode: failed with error code: -10
Warning: whilst reading EXIDX: ExtabEntryExtract: bytecode can't be represented
Warning: whilst reading EXIDX: ExtabEntryExtract: bytecode can't be represented
Warning: whilst reading EXIDX: ExtabEntryDecode: failed with error code: -10
Warning: whilst reading EXIDX: ExtabEntryDecode: failed with error code: -10
Warning: whilst reading EXIDX: ExtabEntryDecode: failed with error code: -10
Warning: whilst reading EXIDX: ExtabEntryDecode: failed with error code: -10
Warning: whilst reading EXIDX: ExtabEntryDecode: failed with error code: -10
Warning: whilst reading EXIDX: ExtabEntryDecode: failed with error code: -10
Warning: whilst reading EXIDX: ExtabEntryExtract: bytecode can't be represented
Warning: whilst reading EXIDX: ExtabEntryDecode: failed with error code: -10
Warning: whilst reading EXIDX: ExtabEntryDecode: failed with error code: -10
Warning: whilst reading EXIDX: ExtabEntryDecode: failed with error code: -10
Warning: whilst reading EXIDX: ExtabEntryExtract: bytecode can't be represented
Warning: whilst reading EXIDX: ExtabEntryDecode: failed with error code: -10
Warning: whilst reading EXIDX: ExtabEntryExtract: bytecode can't be represented
Warning: whilst reading EXIDX: ExtabEntryExtract: bytecode can't be represented
Warning: whilst reading EXIDX: ExtabEntryDecode: failed with error code: -10
Warning: whilst reading EXIDX: ExtabEntryDecode: failed with error code: -10
Warning: whilst reading EXIDX: ExtabEntryExtract: bytecode can't be represented
Warning: whilst reading EXIDX: ExtabEntryDecode: failed with error code: -10
Warning: whilst reading EXIDX: ExtabEntryDecode: failed with error code: -10
Warning: whilst reading EXIDX: ExtabEntryExtract: bytecode can't be represented
Warning: whilst reading EXIDX: ExtabEntryDecode: failed with error code: -10
Warning: whilst reading EXIDX: ExtabEntryDecode: failed with error code: -10
Warning: whilst reading EXIDX: ExtabEntryDecode: failed with error code: -10
Warning: whilst reading EXIDX: ExtabEntryDecode: failed with error code: -10
Warning: whilst reading EXIDX: ExtabEntryExtract: bytecode can't be represented
Warning: whilst reading EXIDX: ExtabEntryExtract: bytecode can't be represented
Warning: whilst reading EXIDX: ExtabEntryExtract: bytecode can't be represented
Warning: whilst reading EXIDX: ExtabEntryExtract: bytecode can't be represented
Warning: whilst reading EXIDX: ExtabEntryExtract: bytecode can't be represented
Warning: whilst reading EXIDX: ExtabEntryExtract: bytecode can't be represented
Warning: whilst reading EXIDX: ExtabEntryExtract: bytecode can't be represented
Warning: whilst reading EXIDX: ExtabEntryExtract: bytecode can't be represented
Warning: whilst reading EXIDX: ExtabEntryDecode: failed with error code: -10
Warning: whilst reading EXIDX: ExtabEntryDecode: failed with error code: -10
Warning: whilst reading EXIDX: ExtabEntryExtract: bytecode can't be represented
Warning: whilst reading EXIDX: ExtabEntryExtract: bytecode can't be represented
Warning: whilst reading EXIDX: ExtabEntryDecode: failed with error code: -10
Warning: whilst reading EXIDX: ExtabEntryExtract: bytecode can't be represented
Warning: whilst reading EXIDX: ExtabEntryExtract: bytecode can't be represented
Warning: whilst reading EXIDX: ExtabEntryDecode: failed with error code: -10
Warning: whilst reading EXIDX: ExtabEntryExtract: bytecode can't be represented
Warning: whilst reading EXIDX: ExtabEntryExtract: bytecode can't be represented
Warning: whilst reading EXIDX: ExtabEntryDecode: failed with error code: -10
Warning: whilst reading EXIDX: ExtabEntryDecode: failed with error code: -10
Warning: whilst reading EXIDX: ExtabEntryDecode: failed with error code: -10
Warning: whilst reading EXIDX: ExtabEntryDecode: failed with error code: -10
Warning: whilst reading EXIDX: ExtabEntryDecode: failed with error code: -10
Warning: whilst reading EXIDX: ExtabEntryDecode: failed with error code: -10
Warning: whilst reading EXIDX: ExtabEntryDecode: failed with error code: -10
Warning: whilst reading EXIDX: ExtabEntryExtract: bytecode can't be represented
Warning: whilst reading EXIDX: ExtabEntryExtract: bytecode can't be represented
Warning: whilst reading EXIDX: ExtabEntryDecode: failed with error code: -10
Warning: whilst reading EXIDX: ExtabEntryDecode: failed with error code: -10
Warning: whilst reading EXIDX: ExtabEntryDecode: failed with error code: -10
Warning: whilst reading EXIDX: ExtabEntryExtract: bytecode can't be represented
Warning: whilst reading EXIDX: ExtabEntryExtract: bytecode can't be represented
Warning: whilst reading EXIDX: ExtabEntryExtract: bytecode can't be represented
Warning: whilst reading EXIDX: ExtabEntryDecode: failed with error code: -10
Warning: whilst reading EXIDX: ExtabEntryDecode: failed with error code: -10
Warning: whilst reading EXIDX: ExtabEntryDecode: failed with error code: -10
Warning: whilst reading EXIDX: ExtabEntryDecode: failed with error code: -10
Warning: whilst reading EXIDX: ExtabEntryDecode: failed with error code: -10
Warning: whilst reading EXIDX: ExtabEntryDecode: failed with error code: -10
Warning: whilst reading EXIDX: ExtabEntryDecode: failed with error code: -10
Warning: whilst reading EXIDX: ExtabEntryDecode: failed with error code: -10
Warning: whilst reading EXIDX: ExtabEntryDecode: failed with error code: -10
Warning: whilst reading EXIDX: ExtabEntryDecode: failed with error code: -10
Warning: whilst reading EXIDX: ExtabEntryDecode: failed with error code: -10
Warning: whilst reading EXIDX: ExtabEntryDecode: failed with error code: -10
Warning: whilst reading EXIDX: ExtabEntryDecode: failed with error code: -10
Warning: whilst reading EXIDX: ExtabEntryDecode: failed with error code: -10
Warning: whilst reading EXIDX: ExtabEntryDecode: failed with error code: -10
Warning: whilst reading EXIDX: ExtabEntryDecode: failed with error code: -10
Warning: whilst reading EXIDX: ExtabEntryDecode: failed with error code: -10
Warning: whilst reading EXIDX: ExtabEntryDecode: failed with error code: -10
Warning: whilst reading EXIDX: ExtabEntryDecode: failed with error code: -10
Warning: whilst reading EXIDX: ExtabEntryDecode: failed with error code: -10
Warning: whilst reading EXIDX: ExtabEntryDecode: failed with error code: -10
Warning: whilst reading EXIDX: ExtabEntryDecode: failed with error code: -10
Warning: whilst reading EXIDX: ExtabEntryDecode: failed with error code: -10
Warning: whilst reading EXIDX: ExtabEntryDecode: failed with error code: -10
Warning: whilst reading EXIDX: ExtabEntryDecode: failed with error code: -10
Warning: whilst reading EXIDX: ExtabEntryDecode: failed with error code: -10
Warning: whilst reading EXIDX: ExtabEntryDecode: failed with error code: -10
Warning: whilst reading EXIDX: ExtabEntryDecode: failed with error code: -10
Warning: whilst reading EXIDX: ExtabEntryDecode: failed with error code: -10
Warning: whilst reading EXIDX: ExtabEntryDecode: failed with error code: -10
Warning: whilst reading EXIDX: ExtabEntryDecode: failed with error code: -10
Warning: whilst reading EXIDX: ExtabEntryDecode: failed with error code: -10
Warning: whilst reading EXIDX: ExtabEntryDecode: failed with error code: -10
Warning: whilst reading EXIDX: ExtabEntryDecode: failed with error code: -10
Warning: whilst reading EXIDX: ExtabEntryDecode: failed with error code: -10
Warning: whilst reading EXIDX: ExtabEntryDecode: failed with error code: -10
Warning: whilst reading EXIDX: ExtabEntryDecode: failed with error code: -10
Warning: whilst reading EXIDX: ExtabEntryDecode: failed with error code: -10
Warning: whilst reading EXIDX: ExtabEntryDecode: failed with error code: -10
Warning: whilst reading EXIDX: ExtabEntryDecode: failed with error code: -10
Warning: whilst reading EXIDX: ExtabEntryDecode: failed with error code: -10
Warning: whilst reading EXIDX: ExtabEntryDecode: failed with error code: -10
Warning: whilst reading EXIDX: ExtabEntryExtract: bytecode can't be represented
Warning: whilst reading EXIDX: ExtabEntryExtract: bytecode can't be represented
Warning: whilst reading EXIDX: ExtabEntryExtract: bytecode can't be represented
Warning: whilst reading EXIDX: ExtabEntryExtract: bytecode can't be represented
Warning: whilst reading EXIDX: ExtabEntryExtract: bytecode can't be represented
Warning: whilst reading EXIDX: ExtabEntryDecode: failed with error code: -10
Warning: whilst reading EXIDX: ExtabEntryDecode: failed with error code: -10
Warning: whilst reading EXIDX: ExtabEntryDecode: failed with error code: -10
Warning: whilst reading EXIDX: ExtabEntryDecode: failed with error code: -10
Warning: whilst reading EXIDX: ExtabEntryDecode: failed with error code: -10
Warning: whilst reading EXIDX: ExtabEntryDecode: failed with error code: -10
Warning: whilst reading EXIDX: ExtabEntryDecode: failed with error code: -10
Warning: whilst reading EXIDX: ExtabEntryDecode: failed with error code: -10
Warning: whilst reading EXIDX: ExtabEntryDecode: failed with error code: -10
Warning: whilst reading EXIDX: ExtabEntryDecode: failed with error code: -10
Warning: whilst reading EXIDX: ExtabEntryDecode: failed with error code: -10
Warning: whilst reading EXIDX: ExtabEntryDecode: failed with error code: -10
Warning: whilst reading EXIDX: ExtabEntryDecode: failed with error code: -10
Warning: whilst reading EXIDX: ExtabEntryDecode: failed with error code: -10
Warning: whilst reading EXIDX: ExtabEntryDecode: failed with error code: -10
Warning: whilst reading EXIDX: ExtabEntryDecode: failed with error code: -10
Warning: whilst reading EXIDX: ExtabEntryDecode: failed with error code: -10
Warning: whilst reading EXIDX: ExtabEntryDecode: failed with error code: -10
Warning: whilst reading EXIDX: ExtabEntryDecode: failed with error code: -10
Warning: whilst reading EXIDX: ExtabEntryDecode: failed with error code: -10
Warning: whilst reading EXIDX: ExtabEntryDecode: failed with error code: -10
Warning: whilst reading EXIDX: ExtabEntryDecode: failed with error code: -10
Warning: whilst reading EXIDX: ExtabEntryDecode: failed with error code: -10
Warning: whilst reading EXIDX: ExtabEntryDecode: failed with error code: -10
Warning: whilst reading EXIDX: ExtabEntryDecode: failed with error code: -10
Warning: whilst reading EXIDX: ExtabEntryDecode: failed with error code: -10
Warning: whilst reading EXIDX: ExtabEntryDecode: failed with error code: -10
Warning: whilst reading EXIDX: ExtabEntryDecode: failed with error code: -10
Warning: whilst reading EXIDX: ExtabEntryDecode: failed with error code: -10
Warning: whilst reading EXIDX: ExtabEntryDecode: failed with error code: -10
Warning: whilst reading EXIDX: ExtabEntryDecode: failed with error code: -10
Warning: whilst reading EXIDX: ExtabEntryDecode: failed with error code: -10
Warning: whilst reading EXIDX: ExtabEntryDecode: failed with error code: -10
Warning: whilst reading EXIDX: ExtabEntryDecode: failed with error code: -10
Warning: whilst reading EXIDX: ExtabEntryDecode: failed with error code: -10
Warning: whilst reading EXIDX: ExtabEntryDecode: failed with error code: -10
Warning: whilst reading EXIDX: ExtabEntryDecode: failed with error code: -10
Warning: whilst reading EXIDX: ExtabEntryDecode: failed with error code: -10
Warning: whilst reading EXIDX: ExtabEntryDecode: failed with error code: -10
Warning: whilst reading EXIDX: ExtabEntryDecode: failed with error code: -10
Warning: whilst reading EXIDX: ExtabEntryDecode: failed with error code: -10
Warning: whilst reading EXIDX: ExtabEntryDecode: failed with error code: -10
Warning: whilst reading EXIDX: ExtabEntryDecode: failed with error code: -10
Warning: whilst reading EXIDX: ExtabEntryDecode: failed with error code: -10
Warning: whilst reading EXIDX: ExtabEntryDecode: failed with error code: -10
Warning: whilst reading EXIDX: ExtabEntryDecode: failed with error code: -10
Warning: whilst reading EXIDX: ExtabEntryDecode: failed with error code: -10
Warning: whilst reading EXIDX: ExtabEntryDecode: failed with error code: -10
Warning: whilst reading EXIDX: ExtabEntryDecode: failed with error code: -10
Warning: whilst reading EXIDX: ExtabEntryDecode: failed with error code: -10
Warning: whilst reading EXIDX: ExtabEntryExtract: bytecode can't be represented
Warning: whilst reading EXIDX: ExtabEntryExtract: bytecode can't be represented
Warning: whilst reading EXIDX: ExtabEntryDecode: failed with error code: -10
Reading EXIDX entries: 392 attempted, 52 successful
result: 90

I refs:        <__FILTER__>
