Handling new value --leak-check=summary for option --leak-check=summary
Searching for pointers to 3 not-freed blocks
Checked <__FILTER__> bytes

LEAK SUMMARY:
definitely lost: <__FILTER__> bytes in <__FILTER__> blocks
indirectly lost: <__FILTER__> bytes in <__FILTER__> blocks
possibly lost: <__FILTER__> bytes in <__FILTER__> blocks
still reachable: <__FILTER__> bytes in <__FILTER__> blocks
suppressed: <__FILTER__> bytes in <__FILTER__> blocks
Reachable blocks (those to which a pointer was found) are not shown.
To see them, rerun with: --leak-check=full --show-leak-kinds=all

First value of leaked memory: 1
Searching for pointers to 4 not-freed blocks
Checked <__FILTER__> bytes

4 bytes in 1 blocks are definitely lost in loss record 1 of 4
<__BACKTRACE__>

LEAK SUMMARY:
definitely lost: <__FILTER__> bytes in <__FILTER__> blocks
indirectly lost: <__FILTER__> bytes in <__FILTER__> blocks
possibly lost: <__FILTER__> bytes in <__FILTER__> blocks
still reachable: <__FILTER__> bytes in <__FILTER__> blocks
suppressed: <__FILTER__> bytes in <__FILTER__> blocks
Reachable blocks (those to which a pointer was found) are not shown.
To see them, rerun with: --leak-check=full --show-leak-kinds=all

First value of leaked memory: 1
Searching for pointers to 5 not-freed blocks
Checked <__FILTER__> bytes

LEAK SUMMARY:
definitely lost: <__FILTER__> bytes in <__FILTER__> blocks
indirectly lost: <__FILTER__> bytes in <__FILTER__> blocks
possibly lost: <__FILTER__> bytes in <__FILTER__> blocks
still reachable: <__FILTER__> bytes in <__FILTER__> blocks
suppressed: <__FILTER__> bytes in <__FILTER__> blocks
Reachable blocks (those to which a pointer was found) are not shown.
To see them, rerun with: --leak-check=full --show-leak-kinds=all


HEAP SUMMARY:
in use at exit: 8 bytes in 2 blocks
total heap usage: <__FILTER__>

Searching for pointers to 2 not-freed blocks
Checked <__FILTER__> bytes

LEAK SUMMARY:
definitely lost: <__FILTER__> bytes in <__FILTER__> blocks
indirectly lost: <__FILTER__> bytes in <__FILTER__> blocks
possibly lost: <__FILTER__> bytes in <__FILTER__> blocks
still reachable: <__FILTER__> bytes in <__FILTER__> blocks
suppressed: <__FILTER__> bytes in <__FILTER__> blocks
Rerun with --leak-check=full to see details of leaked memory

ERROR SUMMARY: 1 errors from 1 contexts (suppressed: 0 from 0)
