Zeroing costs...
...done
Start dumping at BB (Client Request)...
Dump to
Dumping done.
Start dumping at BB (Client Request: Please dump here)...
Dump to
Dumping done.
Zeroing costs...
...done
Start dumping at BB (Client Request)...
Dump to
Dumping done.
Start dumping at BB (Client Request: Please dump here)...
Dump to
Dumping done.
Client Request: instrumentation switched OFF
Zeroing costs...
...done
Start dumping at BB (Client Request)...
Dump to
Dumping done.
Start dumping at BB (Client Request: Please dump here)...
Dump to
Dumping done.
Zeroing costs...
...done
Start dumping at BB (Client Request)...
Dump to
Dumping done.
Start dumping at BB (Client Request: Please dump here)...
Dump to
Dumping done.
Client Request: instrumentation switched ON
Zeroing costs...
...done
Start dumping at BB (Client Request)...
Dump to
Dumping done.
Start dumping at BB (Client Request: Please dump here)...
Dump to
Dumping done.
Zeroing costs...
...done
Start dumping at BB (Client Request)...
Dump to
Dumping done.
Start dumping at BB (Client Request: Please dump here)...
Dump to
Dumping done.
Client Request: instrumentation switched OFF
Zeroing costs...
...done
Start dumping at BB (Client Request)...
Dump to
Dumping done.
Start dumping at BB (Client Request: Please dump here)...
Dump to
Dumping done.
Zeroing costs...
...done
Start dumping at BB (Client Request)...
Dump to
Dumping done.
Start dumping at BB (Client Request: Please dump here)...
Dump to
Dumping done.
Client Request: instrumentation switched ON

Start dumping at BB (Prg.Term.)...
Dump to
Dumping done.
Events    : Ir
Collected :

I   refs:
